[DATA_POINT]
1="HTTP_404"
2="tcp_connect"
3="tcp_connection_count"
4="ssl_session_new"
5="tcp_shutdown"
6="HTTP_200"
7="mic_recv"
8="ssl_session_reuse"
[END_TRANSACTION]
491="https://services.arcgisonline.com/ArcGIS/rest/services/World_Topo_Map/MapServer/tile/12/1714/1126"
492="https://services.arcgisonline.com/ArcGIS/rest/services/World_Topo_Map/MapServer/tile/12/1712/1126"
493="https://services.arcgisonline.com/ArcGIS/rest/services/World_Topo_Map/MapServer/tile/12/1716/1126"
494="https://server.arcgisonline.com/ArcGIS/rest/services/World_Topo_Map/MapServer/tile/12/1715/1125"
495="https://server.arcgisonline.com/ArcGIS/rest/services/World_Topo_Map/MapServer/tile/12/1713/1125"
496="https://server.arcgisonline.com/ArcGIS/rest/services/World_Topo_Map/MapServer/tile/12/1715/1126"
497="https://server.arcgisonline.com/ArcGIS/rest/services/World_Topo_Map/MapServer/tile/12/1713/1126"
498="https://services.arcgisonline.com/ArcGIS/rest/services/World_Topo_Map/MapServer/tile/12/1712/1127"
499="https://server.arcgisonline.com/ArcGIS/rest/services/World_Topo_Map/MapServer/tile/12/1715/1127"
1="https://av-pt-ferrari.accela.com/ssoAdapter/loginAction.do?successURL=https%3A%2F%2Fav-pt-ferrari.accela.com%2Fjetspeed%2Findex.jsp&SignOnModule="
2="https://av-pt-ferrari.accela.com/security/hostSignon.do?successUrl=https://av-pt-ferrari.accela.com/portlets/spa/dashboard.do"
3="https://av-pt-ferrari.accela.com/portlets/framework/includes/javascript/memoryLeakPatch.js"
4="https://av-pt-ferrari.accela.com/security/css/host-signon.css"
5="https://av-pt-ferrari.accela.com/security/images/spacer.gif"
6="https://av-pt-ferrari.accela.com/portlets/framework/includes/javascript/ac360.js"
7="https://av-pt-ferrari.accela.com/portlets/framework/includes/javascript/I18N.js"
8="https://av-pt-ferrari.accela.com/portlets/framework/includes/javascript/jsMessageResoruce.js"
9="https://av-pt-ferrari.accela.com/portlets/framework/includes/javascript/checkTextAreaLength.js"
500="https://services.arcgisonline.com/ArcGIS/rest/services/World_Topo_Map/MapServer/tile/12/1714/1127"
501="https://server.arcgisonline.com/ArcGIS/rest/services/World_Topo_Map/MapServer/tile/12/1713/1127"
502="https://services.arcgisonline.com/ArcGIS/rest/services/World_Topo_Map/MapServer/tile/12/1716/1127"
503="https://agis-pt-ferrari.accela.com/jsagis/Proxy/proxy.ashx?http://maps.osceola.org:80/arcgis/rest/services/Accela/MapServer/export?dpi=96&transparent=true&format=jpeg&layers=show%3A0%2C14&bbox=-9085909.665017629%2C3244278.922178828%2C-9009281.544161843%2C3277949.433138403&bboxSR=102100&imageSR=102100&size=2005%2C881&f=image"
504="https://agis-pt-ferrari.accela.com/jsagis/Proxy/proxy.ashx?http://maps.osceola.org:80/arcgis/rest/services/Accela/MapServer/identify?f=json&tolerance=3&returnGeometry=true&imageDisplay=2005%2C881%2C96&geometry=%7B%22xmin%22%3A-9063781.145329101%2C%22ymin%22%3A3267859.7454047734%2C%22xmax%22%3A-9063781.145329101%2C%22ymax%22%3A3267859.7454047734%7D&geometryType=esriGeometryEnvelope&sr=102100&mapExtent=-9085909.665017629%2C3244278.922178828%2C-9009281.544161843%2C3277949.433138403&layers=visible%3A0%2C14&dojo.preventCache=1538442882956&callback=dojo.io.script.jsonp_dojoIoScript27._jsonpCallback"
505="https://av-pt-ferrari.accela.com/portlets/intake/intakeGISAction.do?limit=50&mode=getParcels&searchModel={\"parcelIds\":{\"parcelId\":[{\"keys\":{\"key\":[\"092729000000600000\"]}}]},\"returnElements\":{\"returnElement\":[\"Addresses\",\"Contacts\",\"CAPs\"]}}"
506="https://agis-pt-ferrari.accela.com/jsagis/Proxy/proxy.ashx?http://maps.osceola.org:80/arcgis/rest/services/Accela/MapServer/14/query?f=json&where=PARCELNO%20%3D%20'092729000000600000'&returnGeometry=true&spatialRel=esriSpatialRelIntersects&outFields=PARCELNO&outSR=102100&dojo.preventCache=1538442890502&callback=dojo.io.script.jsonp_dojoIoScript28._jsonpCallback"
507="https://services.arcgisonline.com/ArcGIS/rest/services/World_Topo_Map/MapServer/tile/16/27422/17943"
508="https://services.arcgisonline.com/ArcGIS/rest/services/World_Topo_Map/MapServer/tile/16/27424/17943"
509="https://services.arcgisonline.com/ArcGIS/rest/services/World_Topo_Map/MapServer/tile/16/27422/17944"
510="https://services.arcgisonline.com/ArcGIS/rest/services/World_Topo_Map/MapServer/tile/16/27424/17942"
511="https://services.arcgisonline.com/ArcGIS/rest/services/World_Topo_Map/MapServer/tile/16/27422/17942"
512="https://services.arcgisonline.com/ArcGIS/rest/services/World_Topo_Map/MapServer/tile/16/27424/17944"
513="https://server.arcgisonline.com/ArcGIS/rest/services/World_Topo_Map/MapServer/tile/16/27423/17943"
514="https://services.arcgisonline.com/ArcGIS/rest/services/World_Topo_Map/MapServer/tile/16/27422/17945"
515="https://server.arcgisonline.com/ArcGIS/rest/services/World_Topo_Map/MapServer/tile/16/27425/17944"
516="https://services.arcgisonline.com/ArcGIS/rest/services/World_Topo_Map/MapServer/tile/16/27424/17945"
517="https://server.arcgisonline.com/ArcGIS/rest/services/World_Topo_Map/MapServer/tile/16/27425/17942"
518="https://server.arcgisonline.com/ArcGIS/rest/services/World_Topo_Map/MapServer/tile/16/27423/17944"
519="https://services.arcgisonline.com/ArcGIS/rest/services/World_Topo_Map/MapServer/tile/16/27422/17946"
520="https://server.arcgisonline.com/ArcGIS/rest/services/World_Topo_Map/MapServer/tile/16/27423/17942"
521="https://services.arcgisonline.com/ArcGIS/rest/services/World_Topo_Map/MapServer/tile/16/27424/17946"
522="https://services.arcgisonline.com/ArcGIS/rest/services/World_Topo_Map/MapServer/tile/16/27422/17947"
523="https://services.arcgisonline.com/ArcGIS/rest/services/World_Topo_Map/MapServer/tile/16/27424/17947"
524="https://server.arcgisonline.com/ArcGIS/rest/services/World_Topo_Map/MapServer/tile/16/27425/17943"
525="https://services.arcgisonline.com/ArcGIS/rest/services/World_Topo_Map/MapServer/tile/16/27424/17948"
526="https://services.arcgisonline.com/ArcGIS/rest/services/World_Topo_Map/MapServer/tile/16/27422/17948"
527="https://services.arcgisonline.com/ArcGIS/rest/services/World_Topo_Map/MapServer/tile/16/27422/17949"
528="https://services.arcgisonline.com/ArcGIS/rest/services/World_Topo_Map/MapServer/tile/16/27424/17949"
529="https://server.arcgisonline.com/ArcGIS/rest/services/World_Topo_Map/MapServer/tile/16/27423/17945"
530="https://server.arcgisonline.com/ArcGIS/rest/services/World_Topo_Map/MapServer/tile/16/27423/17946"
531="https://server.arcgisonline.com/ArcGIS/rest/services/World_Topo_Map/MapServer/tile/16/27425/17945"
532="https://server.arcgisonline.com/ArcGIS/rest/services/World_Topo_Map/MapServer/tile/16/27425/17946"
533="https://server.arcgisonline.com/ArcGIS/rest/services/World_Topo_Map/MapServer/tile/16/27423/17947"
534="GIS_AA_Search Bar_Address Panel"
535="https://server.arcgisonline.com/ArcGIS/rest/services/World_Topo_Map/MapServer/tile/16/27425/17947"
536="https://server.arcgisonline.com/ArcGIS/rest/services/World_Topo_Map/MapServer/tile/16/27423/17948"
537="https://server.arcgisonline.com/ArcGIS/rest/services/World_Topo_Map/MapServer/tile/16/27425/17948"
538="https://server.arcgisonline.com/ArcGIS/rest/services/World_Topo_Map/MapServer/tile/16/27425/17949"
539="https://server.arcgisonline.com/ArcGIS/rest/services/World_Topo_Map/MapServer/tile/16/27423/17949"
540="https://agis-pt-ferrari.accela.com/jsagis/Proxy/proxy.ashx?http://maps.osceola.org:80/arcgis/rest/services/Accela/MapServer/export?dpi=96&transparent=true&format=jpeg&layers=show%3A0%2C14&bbox=-9065943.646473303%2C3266686.0690516983%2C-9061154.388919685%2C3268790.47598673&bboxSR=102100&imageSR=102100&size=2005%2C881&f=image"
541="https://av-pt-ferrari.accela.com/portlets/gis/general.do?mode=receiveGovXML&module=Building&gisFromPage=Dashboard"
542="GIS_AA_Search Bar_Parcel Panel_Create New record_Show Record"
10="https://av-pt-ferrari.accela.com/portlets/framework/includes/javascript/widget/Util.js"
11="https://www.accela.com/ext/web/aa/header.htm"
12="https://www.accela.com/ext/web/aa/assets/aalogin_header.gif"
13="https://www.accela.com/ext/web/aa/assets/spacer.gif"
14="https://av-pt-ferrari.accela.com/security/hostSignon.do?hostSignOn=true"
15="https://av-pt-ferrari.accela.com/security/includes/login.css"
16="https://av-pt-ferrari.accela.com/security/images/accela_logo_v2.jpg"
17="https://av-pt-ferrari.accela.com/security/javascript/sso.js"
18="https://av-pt-ferrari.accela.com/security/images/login-bar.gif"
19="https://av-pt-ferrari.accela.com/portlets/framework/includes/javascript/dojo/dojo.js"
20="GIS_AA_Agency URL"
21="https://av-pt-ferrari.accela.com/portlets/framework/includes/javascript/dojo/src/json.js"
22="https://av-pt-ferrari.accela.com/portlets/framework/includes/javascript/dojo/src/AdapterRegistry.js"
23="https://av-pt-ferrari.accela.com/ssoAdapter/loginAction.do?requestType=checkWebSSOAdapter&servProvCode=OSCEOLA"
24="GIS_AA_Login"
25="https://av-pt-ferrari.accela.com/portlets/spa/dashboard.do"
26="https://av-pt-ferrari.accela.com/security/auth.do?signOffScript=https://av-pt-ferrari.accela.com/portlets/security/signout.do&switchAgencyScript=https://av-pt-ferrari.accela.com/portlets/commons/sso/blank.jsp&CSRF_REQ_PARAM="
27="https://av-pt-ferrari.accela.com/portlets/web/en-us/#/"
28="https://av-pt-ferrari.accela.com/portlets/web/en-us/runtime.06daa30a2963fa413676.js"
29="https://av-pt-ferrari.accela.com/portlets/web/en-us/polyfills.4097cb9a2a269c922ee9.js"
30="https://av-pt-ferrari.accela.com/portlets/web/en-us/styles.63a029f098e1ae72ca78.css"
31="https://av-pt-ferrari.accela.com/portlets/web/en-us/scripts.ae540de5235314986ad1.js"
32="https://av-pt-ferrari.accela.com/portlets/web/en-us/main.0aa1476e02a2d8523d4c.js"
33="https://av-pt-ferrari.accela.com/portlets/web/en-us/assets/images/accela-logo-wordmark.svg"
34="https://av-pt-ferrari.accela.com/portlets/web/en-us/assets/images/accela-logo-mark.svg"
35="https://av-pt-ferrari.accela.com/portlets/web/en-us/assets/fonts/accelicons.eot?#iefix"
36="https://av-pt-ferrari.accela.com/portlets/spa/appConfig.do"
37="https://av-pt-ferrari.accela.com/portlets/spa/favoritePages.do?mode=list"
38="https://av-pt-ferrari.accela.com/portlets/spa/dashboardTaskQuickQueries.do"
39="https://av-pt-ferrari.accela.com/portlets/user/userinfo.do?mode=userInfo"
40="https://av-pt-ferrari.accela.com/portlets/spa/userSecurityProfile.do?mode=getSwitchLinkPermissionByDefaultModule"
41="https://av-pt-ferrari.accela.com/portlets/spa/switchAgency.do?mode=list"
42="https://av-pt-ferrari.accela.com/portlets/spa/userSecurityProfile.do?mode=getSecurityProfileByModule&items=0375"
43="https://av-pt-ferrari.accela.com/portlets/spa/userSecurityProfile.do?mode=getSecurityProfileByModule&items=0008,8488,8143,8400,8145,8144,8478,8213,8477,8487,8132"
44="https://av-pt-ferrari.accela.com/portlets/spa/switchAgency.do?mode=setAgency&serviceProviderCode=OSCEOLA"
45="https://av-pt-ferrari.accela.com/portlets/spa/spacesMenu.do?mode=list"
46="https://av-pt-ferrari.accela.com/portlets/spa/launchPad.do?mode=getUserPages"
47="https://av-pt-ferrari.accela.com/portlets/spa/dashboardTaskCards.do?mode=initTask&start=1&end=6&serviceProviderCode=OSCEOLA"
48="https://av-pt-ferrari.accela.com/portlets/web/en-us/assets/fonts/AccelaCallout-400Mono.eot?#iefix"
49="https://av-pt-ferrari.accela.com/portlets/web/en-us/#/gismap/Dashboard"
50="https://agis-pt-ferrari.accela.com/jsagis/api"
51="https://js.arcgis.com/3.18/dojox/layout/resources/ResizeHandle.css"
52="https://js.arcgis.com/3.18/dijit/themes/claro/claro.css"
53="https://js.arcgis.com/3.18/esri/css/esri.css"
54="https://agis-pt-ferrari.accela.com/jsagis/3.18/Scripts/init.js"
55="https://js.arcgis.com/3.18/esri/nls/jsapi_ROOT.js"
56="https://js.arcgis.com/3.18/esri/layers/VectorTileLayerImpl.js"
57="https://js.arcgis.com/3.18/dojox/gfx/svg.js"
58="https://js.arcgis.com/3.18/dojo/resources/blank.gif"
59="https://agis-pt-ferrari.accela.com/jsagis/AccelaJS/AGISModules/Main.js"
60="https://js.arcgis.com/3.18/dojox/gfx/svgext.js"
61="https://js.arcgis.com/3.18/dojox/gfx/filters.js"
62="https://agis-pt-ferrari.accela.com/jsagis/AccelaJS/AGISModules/ConfigHandler.js"
63="https://js.arcgis.com/3.18/esri/tasks/locator.js"
64="https://agis-pt-ferrari.accela.com/jsagis/AccelaJS/AGISModules/LayoutHandler.js"
65="https://agis-pt-ferrari.accela.com/jsagis/AccelaJS/AGISModules/MessageHandler/MessageHandler.js"
66="https://agis-pt-ferrari.accela.com/jsagis/AccelaJS/AGISModules/nls/main.js"
67="https://agis-pt-ferrari.accela.com/jsagis/AccelaJS/AGISModules/Logger/AGISLogger.js"
68="https://agis-pt-ferrari.accela.com/jsagis/AccelaJS/AGISModules/utils.js"
69="https://agis-pt-ferrari.accela.com/jsagis/AccelaJS/AGISModules/Map.js"
70="https://agis-pt-ferrari.accela.com/jsagis/AccelaJS/AGISModules/portalUrlUtils.js"
71="https://agis-pt-ferrari.accela.com/jsagis/AccelaJS/AGISModules/nls/strings.js"
72="https://agis-pt-ferrari.accela.com/jsagis/AccelaJS/AGISModules/portalUtils.js"
73="https://js.arcgis.com/3.18/esri/tasks/AddressCandidate.js"
74="https://agis-pt-ferrari.accela.com/jsagis/AccelaJS/AGISModules/PreloadWidgetIcon.js"
75="https://agis-pt-ferrari.accela.com/jsagis/AccelaJS/AGISModules/LoadWidgetImg.js"
76="https://agis-pt-ferrari.accela.com/jsagis/AccelaJS/AGISModules/Widget.js"
77="https://agis-pt-ferrari.accela.com/jsagis/AccelaJS/AGISModules/PanelManager.js"
78="https://agis-pt-ferrari.accela.com/jsagis/AccelaJS/AGISModules/AGISInfoWindow.js"
79="https://agis-pt-ferrari.accela.com/jsagis/AccelaJS/AGISModules/GisInformation.js"
80="https://agis-pt-ferrari.accela.com/jsagis/AccelaJS/AGISModules/ServiceArea.js"
81="https://agis-pt-ferrari.accela.com/jsagis//Areas/Admin/Scripts/jquery.js"
82="https://agis-pt-ferrari.accela.com/jsagis/AccelaJS/AGISModules/OGCServerMap.js"
83="https://js.arcgis.com/3.18/dojo/NodeList-traverse.js"
84="https://js.arcgis.com/3.18/esri/toolbars/draw.js"
85="https://agis-pt-ferrari.accela.com/jsagis/AccelaJS/AGISModules/ArcGISServerMap.js"
86="https://js.arcgis.com/3.18/dojox/gesture/tap.js"
87="https://agis-pt-ferrari.accela.com/jsagis/AccelaJS/AGISModules/LayerHandler.js"
88="https://agis-pt-ferrari.accela.com/jsagis/AccelaJS/AGISModules/Locate/LocateHandler.js"
89="https://agis-pt-ferrari.accela.com/jsagis/AccelaJS/AGISModules/MapStatusPersist.js"
90="https://js.arcgis.com/3.18/esri/layers/WMSLayerInfo.js"
91="https://js.arcgis.com/3.18/esri/layers/WMSLayer.js"
92="https://agis-pt-ferrari.accela.com/jsagis/AccelaJS/AGISModules/ClustingMap/ClusterLayerRenderer.js"
93="https://agis-pt-ferrari.accela.com/jsagis/AccelaJS/AGISModules/BufferSelect/BufferSelect.js"
94="https://agis-pt-ferrari.accela.com/jsagis/widgets/UseLocation/UseLocation.js"
95="https://agis-pt-ferrari.accela.com/jsagis/widgets/EditBar/EditBar.js"
96="https://agis-pt-ferrari.accela.com/jsagis/widgets/PopupDialog/PopupDialog.js"
97="https://agis-pt-ferrari.accela.com/jsagis/AccelaJS/AGISModules/Events.js"
98="https://agis-pt-ferrari.accela.com/jsagis/AccelaJS/AGISModules/tokenUtils.js"
99="https://agis-pt-ferrari.accela.com/jsagis/AccelaJS/AGISModules/BasePortalUtils.js"
100="https://agis-pt-ferrari.accela.com/jsagis/AccelaJS/AGISModules/BaseWidget.js"
101="https://js.arcgis.com/3.18/esri/tasks/ServiceAreaParameters.js"
102="https://js.arcgis.com/3.18/esri/tasks/ServiceAreaTask.js"
103="https://agis-pt-ferrari.accela.com/jsagis/AccelaJS/AGISModules/LocateHandler.js"
104="https://js.arcgis.com/3.18/esri/toolbars/_toolbar.js"
105="https://js.arcgis.com/3.18/esri/dijit/InfoWindow.js"
106="https://js.arcgis.com/3.18/esri/layers/ArcGISImageServiceVectorLayer.js"
107="https://js.arcgis.com/3.18/esri/layers/ArcGISImageServiceLayer.js"
108="https://agis-pt-ferrari.accela.com/jsagis/AccelaJS/AGISModules/ProjectHandler.js"
109="https://agis-pt-ferrari.accela.com/jsagis/AccelaJS/AGISModules/Directions/Directions.js"
110="https://agis-pt-ferrari.accela.com/jsagis/widgets/SelectionButton/MultiSelectionPanel.js"
111="https://agis-pt-ferrari.accela.com/jsagis/widgets/LayerList/QueryGISObjectByDynamicTheme.js"
112="https://js.arcgis.com/3.18/esri/tasks/IdentifyParameters.js"
113="https://agis-pt-ferrari.accela.com/jsagis/AccelaJS/AGISModules/BusinessHandler.js"
114="https://agis-pt-ferrari.accela.com/jsagis/widgets/LayerList/DynamicThemeUtils.js"
115="https://js.arcgis.com/3.18/esri/layers/ImageServiceParameters.js"
116="https://js.arcgis.com/3.18/dojox/gesture/Base.js"
117="https://js.arcgis.com/3.18/esri/tasks/IdentifyTask.js"
118="https://agis-pt-ferrari.accela.com/jsagis/AccelaJS/AGISModules/symbolUtils.js"
119="https://agis-pt-ferrari.accela.com/jsagis/widgets/Geocoder/Widget.js"
120="https://agis-pt-ferrari.accela.com/jsagis/AccelaJS/AGISModules/Locate/RecordHandler.js"
121="https://agis-pt-ferrari.accela.com/jsagis/AccelaJS/AGISModules/Locate/AddressHandler.js"
122="https://agis-pt-ferrari.accela.com/jsagis/AccelaJS/AGISModules/Locate/ParcelHandler.js"
123="https://agis-pt-ferrari.accela.com/jsagis/widgets/NotPlottedList/NotPlottedList.js"
124="https://agis-pt-ferrari.accela.com/jsagis/AccelaJS/AGISModules/HeatmapRender.js"
125="https://agis-pt-ferrari.accela.com/jsagis/AccelaJS/AGISModules/Locate/InspectionHandler.js"
126="https://agis-pt-ferrari.accela.com/jsagis/AccelaJS/AGISModules/Locate/AssetHandler.js"
127="https://agis-pt-ferrari.accela.com/jsagis/AccelaJS/AGISModules/storejs/store.js"
128="https://agis-pt-ferrari.accela.com/jsagis/AccelaJS/AGISModules/ClustingMap/ClusterLayer.js"
129="https://js.arcgis.com/3.18/esri/tasks/BufferParameters.js"
130="https://agis-pt-ferrari.accela.com/jsagis/AccelaJS/AGISModules/dijit/Message.js"
131="https://agis-pt-ferrari.accela.com/jsagis/AccelaJS/AGISModules/BufferSelect/nls/strings.js"
132="https://agis-pt-ferrari.accela.com/jsagis//accelajs/agismodules/nls/strings.js"
133="https://js.arcgis.com/3.18/xstyle/css.js"
134="https://agis-pt-ferrari.accela.com/jsagis//accelajs/agismodules/nls/main.js"
135="https://agis-pt-ferrari.accela.com/jsagis//widgets/Edit/nls/strings.js"
136="https://agis-pt-ferrari.accela.com/jsagis/AccelaJS/AGISModules/FeatureLayerHandler.js"
137="https://agis-pt-ferrari.accela.com/jsagis/AccelaJS/AGISModules/BaseTokenUtils.js"
138="https://agis-pt-ferrari.accela.com/jsagis/AccelaJS/AGISModules/dijit/utils.js"
139="https://js.arcgis.com/3.18/esri/tasks/NAServiceDescription.js"
140="https://js.arcgis.com/3.18/esri/tasks/ServiceAreaSolveResult.js"
141="https://agis-pt-ferrari.accela.com/jsagis/AccelaJS/AGISModules/Controls/AGPicturemarkerSymbol.js"
142="https://js.arcgis.com/3.18/esri/geometry/Circle.js"
143="https://js.arcgis.com/3.18/esri/layers/ImageServiceLayerMixin.js"
144="https://js.arcgis.com/3.18/esri/tasks/ProjectParameters.js"
145="https://js.arcgis.com/3.18/esri/tasks/RouteParameters.js"
146="https://js.arcgis.com/3.18/esri/tasks/RouteTask.js"
147="https://js.arcgis.com/3.18/esri/tasks/RouteResult.js"
148="https://agis-pt-ferrari.accela.com/jsagis/widgets/selectionbutton/Paging.js"
149="https://agis-pt-ferrari.accela.com/jsagis/AccelaJS/AGISModules/dijit/CheckBox.js"
150="https://agis-pt-ferrari.accela.com/jsagis/widgets/selectionbutton/ActionMenu.js"
151="https://agis-pt-ferrari.accela.com/jsagis/widgets/selectionbutton/CheckBoxUtility.js"
152="https://agis-pt-ferrari.accela.com/jsagis/widgets/selectionbutton/MultiSelectionPanel_Layer.js"
153="https://agis-pt-ferrari.accela.com/jsagis/widgets/selectionbutton/MultiSelectionPanel_Feature.js"
154="https://agis-pt-ferrari.accela.com/jsagis/widgets/selectionbutton/MultiSelectionPanel_GISObject.js"
155="https://agis-pt-ferrari.accela.com/jsagis/widgets/SelectionButton/nls/strings.js"
156="https://agis-pt-ferrari.accela.com/jsagis/AccelaJS/AGISModules/extentUtils.js"
157="https://js.arcgis.com/3.18/esri/tasks/IdentifyResult.js"
158="https://js.arcgis.com/3.18/esri/dijit/Search.js"
159="https://agis-pt-ferrari.accela.com/jsagis/AccelaJS/AGISModules/usng.js"
160="https://agis-pt-ferrari.accela.com/jsagis/AccelaJS/AGISModules/Locate/GisObjectHandler.js"
161="https://agis-pt-ferrari.accela.com/jsagis/AccelaJS/AGISModules/dijit/Popup.js"
162="https://js.arcgis.com/3.18/xstyle/core/load-css.js"
163="https://js.arcgis.com/3.18/esri/toolbars/edit.js"
164="https://js.arcgis.com/3.18/esri/SnappingManager.js"
165="https://agis-pt-ferrari.accela.com/jsagis/widgets/Edit/Edit_FeatureAttribute.js"
166="https://js.arcgis.com/3.18/esri/tasks/NAMessage.js"
167="https://js.arcgis.com/3.18/esri/tasks/NATypes.js"
168="https://agis-pt-ferrari.accela.com/jsagis/widgets/selectionbutton/nls/strings.js"
169="https://js.arcgis.com/3.18/dijit/_ConfirmDialogMixin.js"
170="https://js.arcgis.com/3.18/esri/promiseList.js"
171="https://js.arcgis.com/3.18/esri/styles/basic.js"
172="https://js.arcgis.com/3.18/dojo/dnd/move.js"
173="https://agis-pt-ferrari.accela.com/jsagis//widgets/EditBar/EditBar.css"
174="https://agis-pt-ferrari.accela.com/jsagis//widgets/PopupDialog/PopupDialog.css"
175="https://agis-pt-ferrari.accela.com/jsagis//widgets/NotPlottedList/NotPlottedList.css"
176="https://agis-pt-ferrari.accela.com/jsagis//widgets/IconFonts/styles.css"
177="https://js.arcgis.com/3.18/esri/toolbars/_GraphicMover.js"
178="https://js.arcgis.com/3.18/esri/toolbars/_VertexEditor.js"
179="https://js.arcgis.com/3.18/esri/toolbars/_Box.js"
180="https://js.arcgis.com/3.18/esri/toolbars/TextEditor.js"
181="https://js.arcgis.com/3.18/esri/tasks/DirectionsFeatureSet.js"
182="https://agis-pt-ferrari.accela.com/jsagis/widgets/Edit/nls/strings.js"
183="https://agis-pt-ferrari.accela.com/jsagis/widgets/IconFonts/design-system.css"
184="https://js.arcgis.com/3.18/dojox/gfx/Moveable.js"
185="https://js.arcgis.com/3.18/dojox/gfx/Mover.js"
186="https://js.arcgis.com/3.18/dijit/Menu.js"
187="https://js.arcgis.com/3.18/esri/toolbars/_VertexMover.js"
188="https://js.arcgis.com/3.18/dijit/MenuItem.js"
189="https://agis-pt-ferrari.accela.com/jsagis/AccelaJS/AGISModules/MessageHandler/Message.html"
190="https://js.arcgis.com/3.18/dijit/DropDownMenu.js"
191="https://agis-pt-ferrari.accela.com/jsagis//widgets/UseLocation/UseLocationTemplate.html"
192="https://js.arcgis.com/3.18/dijit/_Contained.js"
193="https://agis-pt-ferrari.accela.com/jsagis//widgets/EditBar/EditBar.html"
194="https://agis-pt-ferrari.accela.com/jsagis//widgets/PopupDialog/PopupDialogTemplate.html"
195="https://agis-pt-ferrari.accela.com/jsagis/widgets/SelectionButton/MultiSelectionPanel.html"
196="https://agis-pt-ferrari.accela.com/jsagis//widgets/NotPlottedList/NotPlottedListTemplate.html"
197="https://agis-pt-ferrari.accela.com/jsagis/widgets/Edit/Edit_FeatureAttribute.html"
198="https://js.arcgis.com/3.18/dijit/_MenuBase.js"
199="https://agis-pt-ferrari.accela.com/jsagis//widgets/IconFonts/fonts/accelicons.eot?#iefix"
200="https://agis-pt-ferrari.accela.com/jsagis/widgets/fonts/accelicons.eot?#iefix"
201="https://js.arcgis.com/3.18/dijit/_KeyNavContainer.js"
202="https://agis-pt-ferrari.accela.com/jsagis/widgets/fonts/accelicons.woff"
203="https://agis-pt-ferrari.accela.com/jsagis/widgets/fonts/accelicons.ttf"
204="https://js.arcgis.com/3.18/dijit/_KeyNavMixin.js"
205="https://agis-pt-ferrari.accela.com/jsagis/api/config?agency=OSCEOLA&aaserviceid=OSCEOLA&product=AA&groupid=56&userid=ADMIN&lang=en_us"
206="https://agis-pt-ferrari.accela.com/jsagis/themes/Default/mapViewer.css"
207="https://agis-pt-ferrari.accela.com/jsagis/themes/Default/InfoWindows/InfoGeocoding.css"
208="https://agis-pt-ferrari.accela.com/jsagis/themes/Default/InfoWindows/InfoWindow.css"
209="https://agis-pt-ferrari.accela.com/jsagis/themes/Default/jimu/jimu.css"
210="https://agis-pt-ferrari.accela.com/jsagis/themes/Default/GisInfo/GisInfo.css"
211="https://agis-pt-ferrari.accela.com/jsagis/themes/Default/jimu/dojo-override.css"
212="https://agis-pt-ferrari.accela.com/jsagis/themes/Default/fonts/Interstate-Regular.otf"
213="https://agis-pt-ferrari.accela.com/jsagis/themes/Default/fonts/Interstate-Bold.otf"
214="https://utility.arcgisonline.com/ArcGIS/rest/services/Geometry/GeometryServer/project?f=json&outSR=102100&inSR=102658&geometries=%7B%22geometryType%22%3A%22esriGeometryEnvelope%22%2C%22geometries%22%3A%5B%7B%22xmin%22%3A433492.944720961%2C%22ymin%22%3A1190306.28505338%2C%22xmax%22%3A701722.111387627%2C%22ymax%22%3A1544906.97949783%2C%22spatialReference%22%3A%7B%22wkid%22%3A102658%7D%7D%5D%7D&dojo.preventCache=1538442842427"
215="https://services.arcgisonline.com/ArcGIS/rest/services/World_Topo_Map/MapServer?f=json&dojo.preventCache=1538442842820"
216="https://agis-pt-ferrari.accela.com/jsagis/widgets/Sliderbar/Widget.js"
217="https://agis-pt-ferrari.accela.com/jsagis/widgets/MyLocation/images/icon.png"
218="https://agis-pt-ferrari.accela.com/jsagis/widgets/FullExtent/Widget.js"
219="https://agis-pt-ferrari.accela.com/jsagis/widgets/LayerList/images/icon.png"
220="https://agis-pt-ferrari.accela.com/jsagis/widgets/TemplatePicker/Widget.js"
221="https://agis-pt-ferrari.accela.com/jsagis/widgets/MeasureButton/images/icon.png"
222="https://agis-pt-ferrari.accela.com/jsagis/widgets/Draw/images/icon.png"
223="https://agis-pt-ferrari.accela.com/jsagis/themes/FoldableTheme/panels/TitlePanel/Panel.js"
224="https://agis-pt-ferrari.accela.com/jsagis/widgets/Print/images/icon.png"
225="https://agis-pt-ferrari.accela.com/jsagis/widgets/Scalebar/Widget.js"
226="https://agis-pt-ferrari.accela.com/jsagis/widgets/LegendPanel/Widget.js"
227="https://agis-pt-ferrari.accela.com/jsagis/widgets/CompsitePannel/Widget.js"
228="https://agis-pt-ferrari.accela.com/jsagis/widgets/SelectionButton/Widget.js"
229="https://services.arcgisonline.com/ArcGIS/rest/services/World_Topo_Map/MapServer/tile/10/426/276"
230="https://services.arcgisonline.com/ArcGIS/rest/services/World_Topo_Map/MapServer/tile/10/426/278"
231="https://agis-pt-ferrari.accela.com/jsagis/themes/Default/widgets/bg_tool-button-over.png"
232="https://agis-pt-ferrari.accela.com/jsagis/themes/Default/widgets/bg_tool-button-at.png"
233="https://services.arcgisonline.com/ArcGIS/rest/services/World_Topo_Map/MapServer/tile/10/428/276"
234="https://js.arcgis.com/3.18/dijit/form/HorizontalSlider.js"
235="https://services.arcgisonline.com/ArcGIS/rest/services/World_Topo_Map/MapServer/tile/10/428/278"
236="https://services.arcgisonline.com/ArcGIS/rest/services/World_Topo_Map/MapServer/tile/10/430/276"
237="https://js.arcgis.com/3.18/esri/dijit/HomeButton.js"
238="https://services.arcgisonline.com/ArcGIS/rest/services/World_Topo_Map/MapServer/tile/10/426/277"
239="https://services.arcgisonline.com/ArcGIS/rest/services/World_Topo_Map/MapServer/tile/10/430/277"
240="https://agis-pt-ferrari.accela.com/jsagis/widgets/FullExtent/nls/strings.js"
241="https://js.arcgis.com/3.18/dojox/layout/ResizeHandle.js"
242="https://agis-pt-ferrari.accela.com/jsagis/AccelaJS/AGISModules/BaseWidgetPanel.js"
243="https://agis-pt-ferrari.accela.com/jsagis/widgets/TemplatePicker/nls/strings.js"
244="https://services.arcgisonline.com/ArcGIS/rest/services/World_Topo_Map/MapServer/tile/10/430/278"
245="https://services.arcgisonline.com/ArcGIS/rest/services/World_Topo_Map/MapServer/tile/10/428/277"
246="https://services.arcgisonline.com/ArcGIS/rest/services/World_Topo_Map/MapServer/tile/10/426/279"
247="https://js.arcgis.com/3.18/esri/dijit/Scalebar.js"
248="https://services.arcgisonline.com/ArcGIS/rest/services/World_Topo_Map/MapServer/tile/10/428/279"
249="https://services.arcgisonline.com/ArcGIS/rest/services/World_Topo_Map/MapServer/tile/10/426/280"
250="https://services.arcgisonline.com/ArcGIS/rest/services/World_Topo_Map/MapServer/tile/10/430/279"
251="https://js.arcgis.com/3.18/dijit/layout/TabContainer.js"
252="https://js.arcgis.com/3.18/esri/dijit/Legend.js"
253="https://js.arcgis.com/3.18/dijit/layout/AccordionContainer.js"
254="https://services.arcgisonline.com/ArcGIS/rest/services/World_Topo_Map/MapServer/tile/10/428/280"
255="https://services.arcgisonline.com/ArcGIS/rest/services/World_Topo_Map/MapServer/tile/10/430/280"
256="https://agis-pt-ferrari.accela.com/jsagis/widgets/CompsitePannel/Panel.js"
257="https://services.arcgisonline.com/ArcGIS/rest/services/World_Topo_Map/MapServer/tile/10/426/281"
258="https://agis-pt-ferrari.accela.com/jsagis/AccelaJS/AGISModules/MessageHandler/Message.js"
259="https://agis-pt-ferrari.accela.com/jsagis/widgets/SelectionButton/MultiSelectionIcon.js"
260="https://services.arcgisonline.com/ArcGIS/rest/services/World_Topo_Map/MapServer/tile/10/428/281"
261="https://services.arcgisonline.com/ArcGIS/rest/services/World_Topo_Map/MapServer/tile/10/426/282"
262="https://services.arcgisonline.com/ArcGIS/rest/services/World_Topo_Map/MapServer/tile/10/430/281"
263="https://services.arcgisonline.com/ArcGIS/rest/services/World_Topo_Map/MapServer/tile/10/426/283"
264="https://services.arcgisonline.com/ArcGIS/rest/services/World_Topo_Map/MapServer/tile/10/430/282"
265="https://services.arcgisonline.com/ArcGIS/rest/services/World_Topo_Map/MapServer/tile/10/428/282"
266="https://services.arcgisonline.com/ArcGIS/rest/services/World_Topo_Map/MapServer/tile/10/426/284"
267="https://services.arcgisonline.com/ArcGIS/rest/services/World_Topo_Map/MapServer/tile/10/428/283"
268="https://services.arcgisonline.com/ArcGIS/rest/services/World_Topo_Map/MapServer/tile/10/430/283"
269="https://services.arcgisonline.com/ArcGIS/rest/services/World_Topo_Map/MapServer/tile/10/428/284"
270="https://services.arcgisonline.com/ArcGIS/rest/services/World_Topo_Map/MapServer/tile/10/430/284"
271="https://server.arcgisonline.com/ArcGIS/rest/services/World_Topo_Map/MapServer/tile/10/429/278"
272="https://server.arcgisonline.com/ArcGIS/rest/services/World_Topo_Map/MapServer/tile/10/429/277"
273="https://server.arcgisonline.com/ArcGIS/rest/services/World_Topo_Map/MapServer/tile/10/427/276"
274="https://server.arcgisonline.com/ArcGIS/rest/services/World_Topo_Map/MapServer/tile/10/429/276"
275="https://agis-pt-ferrari.accela.com/jsagis/Proxy/proxy.ashx?http://maps.osceola.org:80/arcgis/rest/services/Accela/MapServer?f=json&dpi=96&transparent=true&format=jpeg&dojo.preventCache=1538442843141&callback=dojo.io.script.jsonp_dojoIoScript1._jsonpCallback"
276="https://server.arcgisonline.com/ArcGIS/rest/services/World_Topo_Map/MapServer/tile/10/427/277"
277="https://agis-pt-ferrari.accela.com/jsagis/AccelaJS/AGISModules/dijit/LoadingIndicator.js"
278="https://agis-pt-ferrari.accela.com/jsagis/AccelaJS/AGISModules/BaseWidgetFrame.js"
279="https://server.arcgisonline.com/ArcGIS/rest/services/World_Topo_Map/MapServer/tile/10/427/278"
280="https://js.arcgis.com/3.18/dijit/layout/ScrollingTabController.js"
281="https://server.arcgisonline.com/ArcGIS/rest/services/World_Topo_Map/MapServer/tile/10/429/279"
282="https://server.arcgisonline.com/ArcGIS/rest/services/World_Topo_Map/MapServer/tile/10/427/279"
283="https://server.arcgisonline.com/ArcGIS/rest/services/World_Topo_Map/MapServer/tile/10/429/280"
284="https://server.arcgisonline.com/ArcGIS/rest/services/World_Topo_Map/MapServer/tile/10/427/280"
285="https://js.arcgis.com/3.18/dijit/layout/TabController.js"
286="https://server.arcgisonline.com/ArcGIS/rest/services/World_Topo_Map/MapServer/tile/10/427/281"
287="https://js.arcgis.com/3.18/dijit/layout/_TabContainerBase.js"
288="https://js.arcgis.com/3.18/dijit/layout/StackContainer.js"
289="https://agis-pt-ferrari.accela.com/jsagis/AccelaJS/AGISModules/RightPanel/BasePanel.js"
290="https://agis-pt-ferrari.accela.com/jsagis/widgets/CompsitePannel/nls/strings.js"
291="https://server.arcgisonline.com/ArcGIS/rest/services/World_Topo_Map/MapServer/tile/10/427/283"
292="https://server.arcgisonline.com/ArcGIS/rest/services/World_Topo_Map/MapServer/tile/10/429/283"
293="https://server.arcgisonline.com/ArcGIS/rest/services/World_Topo_Map/MapServer/tile/10/429/282"
294="https://server.arcgisonline.com/ArcGIS/rest/services/World_Topo_Map/MapServer/tile/10/427/284"
295="https://server.arcgisonline.com/ArcGIS/rest/services/World_Topo_Map/MapServer/tile/10/427/282"
296="https://agis-pt-ferrari.accela.com/jsagis/AccelaJS/AGISModules/images/loading.gif"
297="https://server.arcgisonline.com/ArcGIS/rest/services/World_Topo_Map/MapServer/tile/10/429/281"
298="https://agis-pt-ferrari.accela.com/jsagis/widgets/LayerList/Widget.js"
299="https://js.arcgis.com/3.18/dijit/layout/StackController.js"
300="https://js.arcgis.com/3.18/dijit/layout/_LayoutWidget.js"
301="https://server.arcgisonline.com/ArcGIS/rest/services/World_Topo_Map/MapServer/tile/10/429/284"
302="https://agis-pt-ferrari.accela.com/jsagis/themes/Default/images/x.png"
303="https://js.arcgis.com/3.18/dojox/layout/resources/icons/resize.png"
304="https://agis-pt-ferrari.accela.com/jsagis/AccelaJS/AGISModules/dijit/Selectionbox.js"
305="https://agis-pt-ferrari.accela.com/jsagis/widgets/LayerList/PopupMenu.js"
306="https://agis-pt-ferrari.accela.com/jsagis/widgets/LayerList/LayerListView.js"
307="https://agis-pt-ferrari.accela.com/jsagis/AccelaJS/AGISModules/LayerInfos/LayerInfoFactory.js"
308="https://agis-pt-ferrari.accela.com/jsagis/widgets/LayerList/NlsStrings.js"
309="https://agis-pt-ferrari.accela.com/jsagis/AccelaJS/AGISModules/LayerInfos/LayerInfos.js"
310="https://agis-pt-ferrari.accela.com/jsagis/AccelaJS/AGISModules/dijit/DropMenu.js"
311="https://js.arcgis.com/3.18/dijit/form/HorizontalRuleLabels.js"
312="https://js.arcgis.com/3.18/dijit/form/HorizontalRule.js"
313="https://js.arcgis.com/3.18/esri/layers/KMLLayer.js"
314="https://agis-pt-ferrari.accela.com/jsagis/AccelaJS/AGISModules/LayerInfos/LayerInfoForCollection.js"
315="https://agis-pt-ferrari.accela.com/jsagis/AccelaJS/AGISModules/LayerInfos/LayerInfoForMapService.js"
316="https://agis-pt-ferrari.accela.com/jsagis/AccelaJS/AGISModules/LayerInfos/LayerInfoForKML.js"
317="https://agis-pt-ferrari.accela.com/jsagis/AccelaJS/AGISModules/LayerInfos/LayerInfoForDefault.js"
318="https://agis-pt-ferrari.accela.com/jsagis/AccelaJS/AGISModules/LayerInfos/LayerInfoForWMS.js"
319="https://agis-pt-ferrari.accela.com/jsagis/AccelaJS/AGISModules/LayerInfos/LayerInfoForGeoRSS.js"
320="https://js.arcgis.com/3.18/esri/layers/GeoRSSLayer.js"
321="https://agis-pt-ferrari.accela.com/jsagis/AccelaJS/AGISModules/LayerInfos/LayerInfo.js"
322="https://agis-pt-ferrari.accela.com/jsagis/AccelaJS/AGISModules/LayerInfos/LayerInfoForDefaultDynamic.js"
323="https://agis-pt-ferrari.accela.com/jsagis/AccelaJS/AGISModules/LayerInfos/LayerInfoForDefaultTile.js"
324="https://agis-pt-ferrari.accela.com/jsagis/AccelaJS/AGISModules/LayerInfos/LayerInfoForGroup.js"
325="https://agis-pt-ferrari.accela.com/jsagis/AccelaJS/AGISModules/LayerInfos/LayerInfoForDefaultWMS.js"
326="https://agis-pt-ferrari.accela.com/jsagis/AccelaJS/AGISModules/LayerInfos/LayerInfoForDefaultService.js"
327="https://agis-pt-ferrari.accela.com/jsagis/widgets/Geocoder/nls/strings.js"
328="https://agis-pt-ferrari.accela.com/jsagis/widgets/Geocoder/css/left_style.css"
329="https://agis-pt-ferrari.accela.com/jsagis/widgets/Geocoder/Widget.html"
330="https://agis-pt-ferrari.accela.com/jsagis/widgets/Geocoder/css/Default.css"
331="https://static.arcgis.com/attribution/World_Topo_Map?f=json&dojo.preventCache=1538442843348"
332="https://agis-pt-ferrari.accela.com/jsagis/widgets/Sliderbar/config.json"
333="https://agis-pt-ferrari.accela.com/jsagis/widgets/Sliderbar/nls/strings.js"
334="https://agis-pt-ferrari.accela.com/jsagis/widgets/Sliderbar/css/style.css"
335="https://agis-pt-ferrari.accela.com/jsagis/widgets/Sliderbar/Widget.html"
336="https://agis-pt-ferrari.accela.com/jsagis/widgets/Sliderbar/css/Default.css"
337="https://agis-pt-ferrari.accela.com/jsagis/widgets/FullExtent/config.json"
338="https://agis-pt-ferrari.accela.com/jsagis/widgets/FullExtent/css/style.css"
339="https://agis-pt-ferrari.accela.com/jsagis/widgets/FullExtent/Widget.html"
340="https://agis-pt-ferrari.accela.com/jsagis/widgets/FullExtent/css/Default.css"
341="https://agis-pt-ferrari.accela.com/jsagis/widgets/TemplatePicker/css/style.css"
342="https://agis-pt-ferrari.accela.com/jsagis/widgets/TemplatePicker/Widget.html"
343="https://agis-pt-ferrari.accela.com/jsagis/widgets/TemplatePicker/css/Default.css"
344="https://agis-pt-ferrari.accela.com/jsagis/widgets/Scalebar/nls/strings.js"
345="https://agis-pt-ferrari.accela.com/jsagis/widgets/Scalebar/css/left_style.css"
346="https://agis-pt-ferrari.accela.com/jsagis/widgets/Scalebar/Widget.html"
347="https://agis-pt-ferrari.accela.com/jsagis/widgets/Scalebar/css/Default.css"
348="https://agis-pt-ferrari.accela.com/jsagis/widgets/CompsitePannel/Panel.html"
349="https://agis-pt-ferrari.accela.com/jsagis/widgets/SelectionButton/MultiSelectionIcon.html"
350="https://agis-pt-ferrari.accela.com/jsagis/widgets/LegendPanel/nls/strings.js"
351="https://agis-pt-ferrari.accela.com/jsagis/widgets/LegendPanel/css/left_style.css"
352="https://agis-pt-ferrari.accela.com/jsagis/widgets/LegendPanel/Widget.html"
353="https://agis-pt-ferrari.accela.com/jsagis/widgets/LegendPanel/css/Default.css"
354="https://agis-pt-ferrari.accela.com/jsagis/widgets/LayerList/PopupMenu.html"
355="https://agis-pt-ferrari.accela.com/jsagis/widgets/LayerList/LayerListView.html"
356="https://agis-pt-ferrari.accela.com/jsagis/widgets/CompsitePannel/config.json"
357="https://agis-pt-ferrari.accela.com/jsagis/widgets/CompsitePannel/css/style.css"
358="https://agis-pt-ferrari.accela.com/jsagis/widgets/CompsitePannel/Widget.html"
359="https://agis-pt-ferrari.accela.com/jsagis/widgets/CompsitePannel/css/Default.css"
360="https://agis-pt-ferrari.accela.com/jsagis/widgets/SelectionButton/config.json"
361="https://agis-pt-ferrari.accela.com/jsagis/widgets/SelectionButton/css/style.css"
362="https://agis-pt-ferrari.accela.com/jsagis/widgets/SelectionButton/Widget.html"
363="https://agis-pt-ferrari.accela.com/jsagis/widgets/SelectionButton/css/Default.css"
364="https://agis-pt-ferrari.accela.com/jsagis/widgets/LayerList/config.json"
365="https://agis-pt-ferrari.accela.com/jsagis/widgets/LayerList/nls/strings.js"
366="https://agis-pt-ferrari.accela.com/jsagis/widgets/LayerList/css/style.css"
367="https://agis-pt-ferrari.accela.com/jsagis/widgets/LayerList/Widget.html"
368="https://agis-pt-ferrari.accela.com/jsagis/widgets/LayerList/css/Default.css"
369="https://agis-pt-ferrari.accela.com/jsagis/Proxy/proxy.ashx?http://maps.osceola.org:80/arcgis/rest/services/SitusAddress_Locator/GeocodeServer?f=json"
370="https://agis-pt-ferrari.accela.com/jsagis/widgets/LegendPanel/image/icon_expand.png"
371="https://agis-pt-ferrari.accela.com/jsagis/widgets/LayerList/images/v_right.png"
372="https://agis-pt-ferrari.accela.com/jsagis/Proxy/proxy.ashx?http://maps.osceola.org:80/arcgis/rest/services/Accela/MapServer/legend?f=json&dojo.preventCache=1538442845426&callback=dojo.io.script.jsonp_dojoIoScript2._jsonpCallback"
373="https://agis-pt-ferrari.accela.com/jsagis/Proxy/proxy.ashx?http://maps.osceola.org:80/arcgis/rest/services/Accela/MapServer/legend?f=json&dojo.preventCache=1538442845550&callback=dojo.io.script.jsonp_dojoIoScript7._jsonpCallback"
374="https://agis-pt-ferrari.accela.com/jsagis/Proxy/proxy.ashx?http://maps.osceola.org:80/arcgis/rest/services/Accela/MapServer/legend?f=json&dojo.preventCache=1538442845493&callback=dojo.io.script.jsonp_dojoIoScript3._jsonpCallback"
375="https://agis-pt-ferrari.accela.com/jsagis/Proxy/proxy.ashx?http://maps.osceola.org:80/arcgis/rest/services/Accela/MapServer/legend?f=json&dojo.preventCache=1538442845508&callback=dojo.io.script.jsonp_dojoIoScript4._jsonpCallback"
376="https://agis-pt-ferrari.accela.com/jsagis/Proxy/proxy.ashx?http://maps.osceola.org:80/arcgis/rest/services/Accela/MapServer/legend?f=json&dojo.preventCache=1538442845524&callback=dojo.io.script.jsonp_dojoIoScript5._jsonpCallback"
377="https://agis-pt-ferrari.accela.com/jsagis/Proxy/proxy.ashx?http://maps.osceola.org:80/arcgis/rest/services/Accela/MapServer/legend?f=json&dojo.preventCache=1538442845538&callback=dojo.io.script.jsonp_dojoIoScript6._jsonpCallback"
378="https://agis-pt-ferrari.accela.com/jsagis/Proxy/proxy.ashx?http://maps.osceola.org:80/arcgis/rest/services/Accela/MapServer/legend?f=json&dojo.preventCache=1538442845563&callback=dojo.io.script.jsonp_dojoIoScript8._jsonpCallback"
379="https://agis-pt-ferrari.accela.com/jsagis/Proxy/proxy.ashx?http://maps.osceola.org:80/arcgis/rest/services/Accela/MapServer/legend?f=json&dojo.preventCache=1538442845575&callback=dojo.io.script.jsonp_dojoIoScript9._jsonpCallback"
380="https://agis-pt-ferrari.accela.com/jsagis/widgets/Sliderbar/images/sliderbackground.png"
381="https://agis-pt-ferrari.accela.com/jsagis/Proxy/proxy.ashx?http://maps.osceola.org:80/arcgis/rest/services/Accela/MapServer/legend?f=json&dojo.preventCache=1538442845589&callback=dojo.io.script.jsonp_dojoIoScript10._jsonpCallback"
382="https://agis-pt-ferrari.accela.com/jsagis/widgets/Sliderbar/images/sliderinstants.png"
383="https://agis-pt-ferrari.accela.com/jsagis/Proxy/proxy.ashx?http://maps.osceola.org:80/arcgis/rest/services/Accela/MapServer/legend?f=json&dojo.preventCache=1538442845602&callback=dojo.io.script.jsonp_dojoIoScript11._jsonpCallback"
384="https://agis-pt-ferrari.accela.com/jsagis/widgets/Sliderbar/images/slidercontroller.png"
385="https://agis-pt-ferrari.accela.com/jsagis/widgets/Sliderbar/images/zoomin-button-at.png"
386="https://agis-pt-ferrari.accela.com/jsagis/widgets/Sliderbar/images/zoomout-button-at.png"
387="https://agis-pt-ferrari.accela.com/jsagis/themes/Default/widgets/home.png"
388="https://js.arcgis.com/3.18/dijit/themes/claro/form/images/commonFormArrows.png"
389="https://agis-pt-ferrari.accela.com/jsagis/widgets/LayerList/css/images/visible-checkbox.png"
390="https://agis-pt-ferrari.accela.com/jsagis/Proxy/proxy.ashx?http://maps.osceola.org:80/arcgis/rest/services/Accela/MapServer/legend?f=json&dojo.preventCache=1538442845619&callback=dojo.io.script.jsonp_dojoIoScript12._jsonpCallback"
391="https://agis-pt-ferrari.accela.com/jsagis/widgets/LayerList/css/images/SliderBarBtn.png"
392="https://agis-pt-ferrari.accela.com/jsagis/Proxy/proxy.ashx?http://maps.osceola.org:80/arcgis/rest/services/Accela/MapServer/legend?f=json&dojo.preventCache=1538442845629&callback=dojo.io.script.jsonp_dojoIoScript13._jsonpCallback"
393="https://agis-pt-ferrari.accela.com/jsagis/api/aaBusinessData/getParcelLayer"
394="https://services.arcgisonline.com/ArcGIS/rest/services/World_Topo_Map/MapServer/legend?f=json&dojo.preventCache=1538442845417"
395="https://agis-pt-ferrari.accela.com/jsagis/Proxy/proxy.ashx?http://maps.osceola.org:80/arcgis/rest/services/Accela/MapServer/legend?f=json&dojo.preventCache=1538442845642&callback=dojo.io.script.jsonp_dojoIoScript14._jsonpCallback"
396="https://agis-pt-ferrari.accela.com/jsagis/Proxy/proxy.ashx?http://maps.osceola.org:80/arcgis/rest/services/Accela/MapServer/legend?f=json&dojo.preventCache=1538442845674&callback=dojo.io.script.jsonp_dojoIoScript16._jsonpCallback"
397="https://agis-pt-ferrari.accela.com/jsagis/Proxy/proxy.ashx?http://maps.osceola.org:80/arcgis/rest/services/Accela/MapServer/legend?f=json&dojo.preventCache=1538442845688&callback=dojo.io.script.jsonp_dojoIoScript17._jsonpCallback"
398="https://agis-pt-ferrari.accela.com/jsagis/Proxy/proxy.ashx?http://maps.osceola.org:80/arcgis/rest/services/Accela/MapServer/legend?f=json&dojo.preventCache=1538442845654&callback=dojo.io.script.jsonp_dojoIoScript15._jsonpCallback"
399="https://agis-pt-ferrari.accela.com/jsagis/Proxy/proxy.ashx?http://maps.osceola.org:80/arcgis/rest/services/Accela/MapServer/legend?f=json&dojo.preventCache=1538442845704&callback=dojo.io.script.jsonp_dojoIoScript18._jsonpCallback"
400="https://agis-pt-ferrari.accela.com/jsagis/Proxy/proxy.ashx?http://maps.osceola.org:80/arcgis/rest/services/Accela/MapServer/legend?f=json&dojo.preventCache=1538442845718&callback=dojo.io.script.jsonp_dojoIoScript19._jsonpCallback"
401="https://agis-pt-ferrari.accela.com/jsagis/Proxy/proxy.ashx?http://maps.osceola.org:80/arcgis/rest/services/Accela/MapServer/legend?f=json&dojo.preventCache=1538442845773&callback=dojo.io.script.jsonp_dojoIoScript20._jsonpCallback"
402="https://agis-pt-ferrari.accela.com/jsagis/Proxy/proxy.ashx?http://maps.osceola.org:80/arcgis/rest/services/Accela/MapServer/legend?f=json&dojo.preventCache=1538442845789&callback=dojo.io.script.jsonp_dojoIoScript21._jsonpCallback"
403="https://agis-pt-ferrari.accela.com/jsagis/Proxy/proxy.ashx?http://maps.osceola.org:80/arcgis/rest/services/Accela/MapServer/legend?f=json&dojo.preventCache=1538442845804&callback=dojo.io.script.jsonp_dojoIoScript22._jsonpCallback"
404="https://agis-pt-ferrari.accela.com/jsagis/Proxy/proxy.ashx?http://maps.osceola.org:80/arcgis/rest/services/Accela/MapServer/legend?f=json&dojo.preventCache=1538442845816&callback=dojo.io.script.jsonp_dojoIoScript23._jsonpCallback"
405="https://agis-pt-ferrari.accela.com/jsagis/Proxy/proxy.ashx?http://maps.osceola.org:80/arcgis/rest/services/Accela/MapServer/legend?f=json&dojo.preventCache=1538442845825&callback=dojo.io.script.jsonp_dojoIoScript24._jsonpCallback"
406="https://agis-pt-ferrari.accela.com/jsagis/Proxy/proxy.ashx?http://maps.osceola.org:80/arcgis/rest/services/Accela/MapServer/legend?f=json&dojo.preventCache=1538442845835&callback=dojo.io.script.jsonp_dojoIoScript25._jsonpCallback"
407="https://agis-pt-ferrari.accela.com/jsagis/api/aaBusinessData/getParcelFieldId"
408="https://agis-pt-ferrari.accela.com/jsagis/images/themes/blue/InfoWindows/btn_back_gray.png"
409="https://agis-pt-ferrari.accela.com/jsagis/Proxy/proxy.ashx?http://maps.osceola.org:80/arcgis/rest/services/Accela/MapServer/14?f=json&dojo.preventCache=1538442846371&callback=dojo.io.script.jsonp_dojoIoScript26._jsonpCallback"
410="https://agis-pt-ferrari.accela.com/jsagis/Proxy/proxy.ashx?http://maps.osceola.org:80/arcgis/rest/services/Accela/MapServer/export?dpi=96&transparent=true&format=jpeg&layers=show%3A0%2C14&bbox=-9200851.846301572%2C3193773.15573935%2C-8894339.3628779%2C3328455.1995778815&bboxSR=102100&imageSR=102100&size=2005%2C881&f=image"
411="https://agis-pt-ferrari.accela.com/jsagis/widgets/Sliderbar/images/zoomin-button-on.png"
412="https://services.arcgisonline.com/ArcGIS/rest/services/World_Topo_Map/MapServer/tile/11/856/557"
413="https://services.arcgisonline.com/ArcGIS/rest/services/World_Topo_Map/MapServer/tile/11/858/557"
414="https://services.arcgisonline.com/ArcGIS/rest/services/World_Topo_Map/MapServer/tile/11/856/559"
415="https://server.arcgisonline.com/ArcGIS/rest/services/World_Topo_Map/MapServer/tile/11/855/557"
416="https://services.arcgisonline.com/ArcGIS/rest/services/World_Topo_Map/MapServer/tile/11/858/558"
417="https://server.arcgisonline.com/ArcGIS/rest/services/World_Topo_Map/MapServer/tile/11/859/557"
418="https://server.arcgisonline.com/ArcGIS/rest/services/World_Topo_Map/MapServer/tile/11/855/558"
419="https://server.arcgisonline.com/ArcGIS/rest/services/World_Topo_Map/MapServer/tile/11/857/557"
420="https://server.arcgisonline.com/ArcGIS/rest/services/World_Topo_Map/MapServer/tile/11/859/558"
421="https://server.arcgisonline.com/ArcGIS/rest/services/World_Topo_Map/MapServer/tile/11/857/558"
422="https://services.arcgisonline.com/ArcGIS/rest/services/World_Topo_Map/MapServer/tile/11/856/560"
423="https://services.arcgisonline.com/ArcGIS/rest/services/World_Topo_Map/MapServer/tile/11/858/560"
424="https://services.arcgisonline.com/ArcGIS/rest/services/World_Topo_Map/MapServer/tile/11/856/558"
425="https://services.arcgisonline.com/ArcGIS/rest/services/World_Topo_Map/MapServer/tile/11/856/561"
426="https://services.arcgisonline.com/ArcGIS/rest/services/World_Topo_Map/MapServer/tile/11/858/561"
427="https://server.arcgisonline.com/ArcGIS/rest/services/World_Topo_Map/MapServer/tile/11/855/559"
428="https://services.arcgisonline.com/ArcGIS/rest/services/World_Topo_Map/MapServer/tile/11/856/562"
429="https://services.arcgisonline.com/ArcGIS/rest/services/World_Topo_Map/MapServer/tile/11/856/563"
430="https://server.arcgisonline.com/ArcGIS/rest/services/World_Topo_Map/MapServer/tile/11/859/559"
431="https://server.arcgisonline.com/ArcGIS/rest/services/World_Topo_Map/MapServer/tile/11/859/560"
432="https://server.arcgisonline.com/ArcGIS/rest/services/World_Topo_Map/MapServer/tile/11/855/560"
433="https://server.arcgisonline.com/ArcGIS/rest/services/World_Topo_Map/MapServer/tile/11/857/559"
434="https://server.arcgisonline.com/ArcGIS/rest/services/World_Topo_Map/MapServer/tile/11/857/560"
435="https://services.arcgisonline.com/ArcGIS/rest/services/World_Topo_Map/MapServer/tile/11/858/563"
436="https://services.arcgisonline.com/ArcGIS/rest/services/World_Topo_Map/MapServer/tile/11/856/564"
437="https://services.arcgisonline.com/ArcGIS/rest/services/World_Topo_Map/MapServer/tile/11/856/565"
438="https://services.arcgisonline.com/ArcGIS/rest/services/World_Topo_Map/MapServer/tile/11/858/564"
439="https://services.arcgisonline.com/ArcGIS/rest/services/World_Topo_Map/MapServer/tile/11/858/565"
440="https://services.arcgisonline.com/ArcGIS/rest/services/World_Topo_Map/MapServer/tile/11/858/559"
441="https://services.arcgisonline.com/ArcGIS/rest/services/World_Topo_Map/MapServer/tile/11/858/562"
442="https://server.arcgisonline.com/ArcGIS/rest/services/World_Topo_Map/MapServer/tile/11/855/561"
443="https://server.arcgisonline.com/ArcGIS/rest/services/World_Topo_Map/MapServer/tile/11/857/562"
444="https://server.arcgisonline.com/ArcGIS/rest/services/World_Topo_Map/MapServer/tile/11/855/562"
445="https://server.arcgisonline.com/ArcGIS/rest/services/World_Topo_Map/MapServer/tile/11/859/562"
446="https://server.arcgisonline.com/ArcGIS/rest/services/World_Topo_Map/MapServer/tile/11/857/561"
447="https://server.arcgisonline.com/ArcGIS/rest/services/World_Topo_Map/MapServer/tile/11/859/561"
448="https://server.arcgisonline.com/ArcGIS/rest/services/World_Topo_Map/MapServer/tile/11/855/563"
449="https://server.arcgisonline.com/ArcGIS/rest/services/World_Topo_Map/MapServer/tile/11/857/563"
450="https://server.arcgisonline.com/ArcGIS/rest/services/World_Topo_Map/MapServer/tile/11/859/563"
451="https://server.arcgisonline.com/ArcGIS/rest/services/World_Topo_Map/MapServer/tile/11/857/564"
452="https://server.arcgisonline.com/ArcGIS/rest/services/World_Topo_Map/MapServer/tile/11/855/564"
453="https://server.arcgisonline.com/ArcGIS/rest/services/World_Topo_Map/MapServer/tile/11/859/564"
454="https://server.arcgisonline.com/ArcGIS/rest/services/World_Topo_Map/MapServer/tile/11/855/565"
455="https://server.arcgisonline.com/ArcGIS/rest/services/World_Topo_Map/MapServer/tile/11/857/565"
456="https://server.arcgisonline.com/ArcGIS/rest/services/World_Topo_Map/MapServer/tile/11/859/565"
457="https://agis-pt-ferrari.accela.com/jsagis/Proxy/proxy.ashx?http://maps.osceola.org:80/arcgis/rest/services/Accela/MapServer/export?dpi=96&transparent=true&format=jpeg&layers=show%3A0%2C14&bbox=-9124223.725445522%2C3227443.6666990407%2C-8970967.48373395%2C3294784.6886181906&bboxSR=102100&imageSR=102100&size=2005%2C881&f=image"
458="https://services.arcgisonline.com/ArcGIS/rest/services/World_Topo_Map/MapServer/tile/12/1712/1119"
459="https://services.arcgisonline.com/ArcGIS/rest/services/World_Topo_Map/MapServer/tile/12/1716/1119"
460="https://services.arcgisonline.com/ArcGIS/rest/services/World_Topo_Map/MapServer/tile/12/1714/1119"
461="https://services.arcgisonline.com/ArcGIS/rest/services/World_Topo_Map/MapServer/tile/12/1716/1120"
462="https://services.arcgisonline.com/ArcGIS/rest/services/World_Topo_Map/MapServer/tile/12/1714/1120"
463="https://services.arcgisonline.com/ArcGIS/rest/services/World_Topo_Map/MapServer/tile/12/1712/1120"
464="https://server.arcgisonline.com/ArcGIS/rest/services/World_Topo_Map/MapServer/tile/12/1713/1119"
465="https://server.arcgisonline.com/ArcGIS/rest/services/World_Topo_Map/MapServer/tile/12/1715/1119"
466="https://server.arcgisonline.com/ArcGIS/rest/services/World_Topo_Map/MapServer/tile/12/1713/1120"
467="https://server.arcgisonline.com/ArcGIS/rest/services/World_Topo_Map/MapServer/tile/12/1715/1120"
468="https://server.arcgisonline.com/ArcGIS/rest/services/World_Topo_Map/MapServer/tile/12/1713/1121"
469="https://server.arcgisonline.com/ArcGIS/rest/services/World_Topo_Map/MapServer/tile/12/1715/1121"
470="https://services.arcgisonline.com/ArcGIS/rest/services/World_Topo_Map/MapServer/tile/12/1714/1121"
471="https://services.arcgisonline.com/ArcGIS/rest/services/World_Topo_Map/MapServer/tile/12/1716/1121"
472="https://services.arcgisonline.com/ArcGIS/rest/services/World_Topo_Map/MapServer/tile/12/1712/1121"
473="https://services.arcgisonline.com/ArcGIS/rest/services/World_Topo_Map/MapServer/tile/12/1712/1122"
474="https://services.arcgisonline.com/ArcGIS/rest/services/World_Topo_Map/MapServer/tile/12/1714/1122"
475="https://services.arcgisonline.com/ArcGIS/rest/services/World_Topo_Map/MapServer/tile/12/1716/1122"
476="https://services.arcgisonline.com/ArcGIS/rest/services/World_Topo_Map/MapServer/tile/12/1712/1123"
477="https://server.arcgisonline.com/ArcGIS/rest/services/World_Topo_Map/MapServer/tile/12/1713/1122"
478="https://server.arcgisonline.com/ArcGIS/rest/services/World_Topo_Map/MapServer/tile/12/1715/1122"
479="https://services.arcgisonline.com/ArcGIS/rest/services/World_Topo_Map/MapServer/tile/12/1714/1123"
480="https://server.arcgisonline.com/ArcGIS/rest/services/World_Topo_Map/MapServer/tile/12/1713/1123"
481="https://server.arcgisonline.com/ArcGIS/rest/services/World_Topo_Map/MapServer/tile/12/1715/1123"
482="https://services.arcgisonline.com/ArcGIS/rest/services/World_Topo_Map/MapServer/tile/12/1716/1123"
483="https://services.arcgisonline.com/ArcGIS/rest/services/World_Topo_Map/MapServer/tile/12/1716/1124"
484="https://services.arcgisonline.com/ArcGIS/rest/services/World_Topo_Map/MapServer/tile/12/1714/1124"
485="https://server.arcgisonline.com/ArcGIS/rest/services/World_Topo_Map/MapServer/tile/12/1713/1124"
486="https://server.arcgisonline.com/ArcGIS/rest/services/World_Topo_Map/MapServer/tile/12/1715/1124"
487="https://services.arcgisonline.com/ArcGIS/rest/services/World_Topo_Map/MapServer/tile/12/1712/1124"
488="https://services.arcgisonline.com/ArcGIS/rest/services/World_Topo_Map/MapServer/tile/12/1712/1125"
489="https://services.arcgisonline.com/ArcGIS/rest/services/World_Topo_Map/MapServer/tile/12/1714/1125"
490="https://services.arcgisonline.com/ArcGIS/rest/services/World_Topo_Map/MapServer/tile/12/1716/1125"
